2026-07-10 17:25:25,406 INFO o.a.j.u.JMeterUtils: Setting Locale to en_US
2026-07-10 17:25:25,430 INFO o.a.j.JMeter: Loading user properties from: D:\road to ai engineer\API-testing\apache-jmeter-5.6.3\bin\user.properties
2026-07-10 17:25:25,430 INFO o.a.j.JMeter: Loading system properties from: D:\road to ai engineer\API-testing\apache-jmeter-5.6.3\bin\system.properties
2026-07-10 17:25:25,437 INFO o.a.j.JMeter: Copyright (c) 1998-2024 The Apache Software Foundation
2026-07-10 17:25:25,437 INFO o.a.j.JMeter: Version 5.6.3
2026-07-10 17:25:25,437 INFO o.a.j.JMeter: java.version=21
2026-07-10 17:25:25,437 INFO o.a.j.JMeter: java.vm.name=Java HotSpot(TM) 64-Bit Server VM
2026-07-10 17:25:25,437 INFO o.a.j.JMeter: os.name=Windows 11
2026-07-10 17:25:25,438 INFO o.a.j.JMeter: os.arch=amd64
2026-07-10 17:25:25,438 INFO o.a.j.JMeter: os.version=10.0
2026-07-10 17:25:25,438 INFO o.a.j.JMeter: file.encoding=UTF-8
2026-07-10 17:25:25,438 INFO o.a.j.JMeter: java.awt.headless=true
2026-07-10 17:25:25,438 INFO o.a.j.JMeter: Max memory     =2103443456
2026-07-10 17:25:25,438 INFO o.a.j.JMeter: Available Processors =8
2026-07-10 17:25:25,448 INFO o.a.j.JMeter: Default Locale=English (United States)
2026-07-10 17:25:25,449 INFO o.a.j.JMeter: JMeter  Locale=English (United States)
2026-07-10 17:25:25,449 INFO o.a.j.JMeter: JMeterHome=D:\road to ai engineer\API-testing\apache-jmeter-5.6.3
2026-07-10 17:25:25,449 INFO o.a.j.JMeter: user.dir  =D:\road to ai engineer\API-testing\api-test-portfolio
2026-07-10 17:25:25,450 INFO o.a.j.JMeter: PWD       =D:\road to ai engineer\API-testing\api-test-portfolio
2026-07-10 17:25:25,458 INFO o.a.j.JMeter: IP: 100.114.155.52 Name: LAPTOP-JU1LUNRV FullName: laptop-ju1lunrv.tail0349d1.ts.net.
2026-07-10 17:25:25,473 INFO o.a.j.JMeter: Setting property 'jmeter.reportgenerator.outputdir' to:'D:\road to ai engineer\API-testing\api-test-portfolio\jmeter\reports\html'
2026-07-10 17:25:25,475 INFO o.a.j.s.FileServer: Default base='D:\road to ai engineer\API-testing\api-test-portfolio'
2026-07-10 17:25:25,477 INFO o.a.j.s.FileServer: Set new base='D:\road to ai engineer\API-testing\api-test-portfolio\jmeter'
2026-07-10 17:25:25,693 INFO o.a.j.s.SaveService: Testplan (JMX) version: 2.2. Testlog (JTL) version: 2.2
2026-07-10 17:25:25,736 INFO o.a.j.s.SaveService: Using SaveService properties version 5.0
2026-07-10 17:25:25,739 INFO o.a.j.s.SaveService: Using SaveService properties file encoding UTF-8
2026-07-10 17:25:25,742 INFO o.a.j.s.SaveService: Loading file: jmeter\restful-booker-load-test.jmx
2026-07-10 17:25:25,810 INFO o.a.j.p.h.s.HTTPSamplerBase: Parser for text/html is org.apache.jmeter.protocol.http.parser.LagartoBasedHtmlParser
2026-07-10 17:25:25,810 INFO o.a.j.p.h.s.HTTPSamplerBase: Parser for application/xhtml+xml is org.apache.jmeter.protocol.http.parser.LagartoBasedHtmlParser
2026-07-10 17:25:25,810 INFO o.a.j.p.h.s.HTTPSamplerBase: Parser for application/xml is org.apache.jmeter.protocol.http.parser.LagartoBasedHtmlParser
2026-07-10 17:25:25,810 INFO o.a.j.p.h.s.HTTPSamplerBase: Parser for text/xml is org.apache.jmeter.protocol.http.parser.LagartoBasedHtmlParser
2026-07-10 17:25:25,810 INFO o.a.j.p.h.s.HTTPSamplerBase: Parser for text/vnd.wap.wml is org.apache.jmeter.protocol.http.parser.RegexpHTMLParser
2026-07-10 17:25:25,810 INFO o.a.j.p.h.s.HTTPSamplerBase: Parser for text/css is org.apache.jmeter.protocol.http.parser.CssParser
2026-07-10 17:25:25,857 INFO o.a.j.JMeter: Creating summariser <summary>
2026-07-10 17:25:25,862 INFO o.a.j.r.d.ReportGenerator: ReportGenerator will use for Parsing the separator: ','
2026-07-10 17:25:25,862 INFO o.a.j.r.d.ReportGenerator: Will generate report at end of test from  results file: jmeter\reports\results.jtl
2026-07-10 17:25:25,862 INFO o.a.j.r.d.ReportGenerator: Reading report generator properties from: D:\road to ai engineer\API-testing\apache-jmeter-5.6.3\bin\reportgenerator.properties
2026-07-10 17:25:25,864 INFO o.a.j.r.d.ReportGenerator: Merging with JMeter properties
2026-07-10 17:25:25,869 INFO o.a.j.r.c.ReportGeneratorConfiguration: Property 'jmeter.reportgenerator.temp_dir' not found, using default value 'temp' instead.
2026-07-10 17:25:25,871 INFO o.a.j.r.c.ReportGeneratorConfiguration: Property 'jmeter.reportgenerator.apdex_per_transaction' not found, using default value 'null' instead.
2026-07-10 17:25:25,872 INFO o.a.j.r.c.ReportGeneratorConfiguration: apdex_per_transaction is empty, not APDEX per transaction customization
2026-07-10 17:25:25,872 INFO o.a.j.r.c.ReportGeneratorConfiguration: Property 'jmeter.reportgenerator.sample_filter' not found, using default value 'null' instead.
2026-07-10 17:25:25,872 INFO o.a.j.r.c.ReportGeneratorConfiguration: Property 'jmeter.reportgenerator.report_title' not found, using default value 'null' instead.
2026-07-10 17:25:25,872 INFO o.a.j.r.c.ReportGeneratorConfiguration: Property 'jmeter.reportgenerator.start_date' not found, using default value 'null' instead.
2026-07-10 17:25:25,872 INFO o.a.j.r.c.ReportGeneratorConfiguration: Property 'jmeter.reportgenerator.end_date' not found, using default value 'null' instead.
2026-07-10 17:25:25,872 INFO o.a.j.r.c.ReportGeneratorConfiguration: Property 'jmeter.reportgenerator.date_format' not found, using default value 'null' instead.
2026-07-10 17:25:25,877 INFO o.a.j.r.c.ReportGeneratorConfiguration: Will use date range start date: null, end date: null
2026-07-10 17:25:25,885 INFO o.a.j.r.c.ReportGeneratorConfiguration: Property 'jmeter.reportgenerator.graph.totalTPS.exclude_controllers' not found, using default value 'false' instead.
2026-07-10 17:25:25,885 INFO o.a.j.r.c.ReportGeneratorConfiguration: Property 'jmeter.reportgenerator.graph.activeThreadsOverTime.exclude_controllers' not found, using default value 'false' instead.
2026-07-10 17:25:25,885 INFO o.a.j.r.c.ReportGeneratorConfiguration: Property 'jmeter.reportgenerator.graph.timeVsThreads.exclude_controllers' not found, using default value 'false' instead.
2026-07-10 17:25:25,885 INFO o.a.j.r.c.ReportGeneratorConfiguration: Property 'jmeter.reportgenerator.graph.responseTimeDistribution.exclude_controllers' not found, using default value 'false' instead.
2026-07-10 17:25:25,885 INFO o.a.j.r.c.ReportGeneratorConfiguration: Property 'jmeter.reportgenerator.graph.transactionsPerSecond.exclude_controllers' not found, using default value 'false' instead.
2026-07-10 17:25:25,886 INFO o.a.j.r.c.ReportGeneratorConfiguration: Property 'jmeter.reportgenerator.graph.responseTimePercentiles.exclude_controllers' not found, using default value 'false' instead.
2026-07-10 17:25:25,886 INFO o.a.j.r.c.ReportGeneratorConfiguration: Property 'jmeter.reportgenerator.graph.responseTimePercentilesOverTime.exclude_controllers' not found, using default value 'false' instead.
2026-07-10 17:25:25,886 INFO o.a.j.r.c.ReportGeneratorConfiguration: Property 'jmeter.reportgenerator.graph.responseTimesOverTime.exclude_controllers' not found, using default value 'false' instead.
2026-07-10 17:25:25,886 INFO o.a.j.r.c.ReportGeneratorConfiguration: Property 'jmeter.reportgenerator.graph.connectTimeOverTime.exclude_controllers' not found, using default value 'false' instead.
2026-07-10 17:25:25,887 INFO o.a.j.r.c.ReportGeneratorConfiguration: Property 'jmeter.reportgenerator.graph.latenciesOverTime.exclude_controllers' not found, using default value 'false' instead.
2026-07-10 17:25:25,888 INFO o.a.j.r.c.ReportGeneratorConfiguration: Property 'jmeter.reportgenerator.exporter.json.filters_only_sample_series' not found, using default value 'true' instead.
2026-07-10 17:25:25,888 INFO o.a.j.r.c.ReportGeneratorConfiguration: Property 'jmeter.reportgenerator.exporter.json.series_filter' not found, using default value '' instead.
2026-07-10 17:25:25,888 INFO o.a.j.r.c.ReportGeneratorConfiguration: Property 'jmeter.reportgenerator.exporter.json.show_controllers_only' not found, using default value 'false' instead.
2026-07-10 17:25:25,889 INFO o.a.j.r.c.ReportGeneratorConfiguration: Property 'jmeter.reportgenerator.exporter.html.filters_only_sample_series' not found, using default value 'true' instead.
2026-07-10 17:25:25,889 INFO o.a.j.r.c.ReportGeneratorConfiguration: Property 'jmeter.reportgenerator.exporter.html.series_filter' not found, using default value '' instead.
2026-07-10 17:25:25,889 INFO o.a.j.r.c.ReportGeneratorConfiguration: Property 'jmeter.reportgenerator.exporter.html.show_controllers_only' not found, using default value 'false' instead.
2026-07-10 17:25:25,906 INFO o.a.j.e.StandardJMeterEngine: Running the test!
2026-07-10 17:25:25,907 INFO o.a.j.s.SampleEvent: List of sample_variables: []
2026-07-10 17:25:25,907 INFO o.a.j.s.SampleEvent: List of sample_variables: []
2026-07-10 17:25:25,915 INFO o.a.j.e.u.CompoundVariable: Note: Function class names must contain the string: '.functions.'
2026-07-10 17:25:25,915 INFO o.a.j.e.u.CompoundVariable: Note: Function class names must not contain the string: '.gui.'
2026-07-10 17:25:26,015 INFO o.a.j.JMeter: Running test (1783682726015)
2026-07-10 17:25:26,053 INFO o.a.j.e.StandardJMeterEngine: Starting ThreadGroup: 1 : Booking API Users - 50 Concurrent
2026-07-10 17:25:26,053 INFO o.a.j.e.StandardJMeterEngine: Starting 50 threads for group Booking API Users - 50 Concurrent.
2026-07-10 17:25:26,054 INFO o.a.j.e.StandardJMeterEngine: Thread will continue on error
2026-07-10 17:25:26,054 INFO o.a.j.t.ThreadGroup: Starting thread group... number=1 threads=50 ramp-up=10 delayedStart=false
2026-07-10 17:25:26,066 INFO o.a.j.t.JMeterThread: Thread started: Booking API Users - 50 Concurrent 1-1
2026-07-10 17:25:26,094 INFO o.a.j.t.ThreadGroup: Started thread group number 1
2026-07-10 17:25:26,094 INFO o.a.j.e.StandardJMeterEngine: All thread groups have been started
2026-07-10 17:25:26,261 INFO o.a.j.t.JMeterThread: Thread started: Booking API Users - 50 Concurrent 1-2
2026-07-10 17:25:26,460 INFO o.a.j.t.JMeterThread: Thread started: Booking API Users - 50 Concurrent 1-3
2026-07-10 17:25:26,596 INFO o.a.j.p.h.s.HTTPHCAbstractImpl: Local host = LAPTOP-JU1LUNRV
2026-07-10 17:25:26,604 INFO o.a.j.p.h.s.HTTPHC4Impl: HTTP request retry count = 0
2026-07-10 17:25:26,606 INFO o.a.j.s.SampleResult: Note: Sample TimeStamps are START times
2026-07-10 17:25:26,606 INFO o.a.j.s.SampleResult: sampleresult.default.encoding is set to UTF-8
2026-07-10 17:25:26,606 INFO o.a.j.s.SampleResult: sampleresult.useNanoTime=true
2026-07-10 17:25:26,606 INFO o.a.j.s.SampleResult: sampleresult.nanoThreadSleep=5000
2026-07-10 17:25:26,659 INFO o.a.j.t.JMeterThread: Thread started: Booking API Users - 50 Concurrent 1-4
2026-07-10 17:25:26,859 INFO o.a.j.t.JMeterThread: Thread started: Booking API Users - 50 Concurrent 1-5
2026-07-10 17:25:26,951 INFO o.a.j.p.h.s.h.LazyLayeredConnectionSocketFactory: Setting up HTTPS TrustAll Socket Factory
2026-07-10 17:25:26,959 INFO o.a.j.u.JsseSSLManager: Using default SSL protocol: TLS
2026-07-10 17:25:26,959 INFO o.a.j.u.JsseSSLManager: SSL session context: per-thread
2026-07-10 17:25:27,057 INFO o.a.j.t.JMeterThread: Thread started: Booking API Users - 50 Concurrent 1-6
2026-07-10 17:25:27,256 INFO o.a.j.t.JMeterThread: Thread started: Booking API Users - 50 Concurrent 1-7
2026-07-10 17:25:27,352 INFO o.a.j.u.SSLManager: JmeterKeyStore Location:  type JKS
2026-07-10 17:25:27,356 INFO o.a.j.u.SSLManager: KeyStore created OK
2026-07-10 17:25:27,356 WARN o.a.j.u.SSLManager: Keystore file not found, loading empty keystore
2026-07-10 17:25:27,457 INFO o.a.j.t.JMeterThread: Thread started: Booking API Users - 50 Concurrent 1-8
2026-07-10 17:25:27,656 INFO o.a.j.t.JMeterThread: Thread started: Booking API Users - 50 Concurrent 1-9
2026-07-10 17:25:27,856 INFO o.a.j.t.JMeterThread: Thread started: Booking API Users - 50 Concurrent 1-10
2026-07-10 17:25:28,056 INFO o.a.j.t.JMeterThread: Thread started: Booking API Users - 50 Concurrent 1-11
2026-07-10 17:25:28,257 INFO o.a.j.t.JMeterThread: Thread started: Booking API Users - 50 Concurrent 1-12
2026-07-10 17:25:28,456 INFO o.a.j.t.JMeterThread: Thread started: Booking API Users - 50 Concurrent 1-13
2026-07-10 17:25:28,655 INFO o.a.j.t.JMeterThread: Thread started: Booking API Users - 50 Concurrent 1-14
2026-07-10 17:25:28,856 INFO o.a.j.t.JMeterThread: Thread started: Booking API Users - 50 Concurrent 1-15
2026-07-10 17:25:29,055 INFO o.a.j.t.JMeterThread: Thread started: Booking API Users - 50 Concurrent 1-16
2026-07-10 17:25:29,256 INFO o.a.j.t.JMeterThread: Thread started: Booking API Users - 50 Concurrent 1-17
2026-07-10 17:25:29,456 INFO o.a.j.t.JMeterThread: Thread started: Booking API Users - 50 Concurrent 1-18
2026-07-10 17:25:29,656 INFO o.a.j.t.JMeterThread: Thread started: Booking API Users - 50 Concurrent 1-19
2026-07-10 17:25:29,855 INFO o.a.j.t.JMeterThread: Thread started: Booking API Users - 50 Concurrent 1-20
2026-07-10 17:25:30,054 INFO o.a.j.t.JMeterThread: Thread started: Booking API Users - 50 Concurrent 1-21
2026-07-10 17:25:30,231 INFO o.a.j.r.Summariser: summary +     17 in 00:00:04 =    4.0/s Avg:  1263 Min:   781 Max:  1891 Err:     0 (0.00%) Active: 21 Started: 21 Finished: 0
2026-07-10 17:25:30,256 INFO o.a.j.t.JMeterThread: Thread started: Booking API Users - 50 Concurrent 1-22
2026-07-10 17:25:30,457 INFO o.a.j.t.JMeterThread: Thread started: Booking API Users - 50 Concurrent 1-23
2026-07-10 17:25:30,655 INFO o.a.j.t.JMeterThread: Thread started: Booking API Users - 50 Concurrent 1-24
2026-07-10 17:25:30,855 INFO o.a.j.t.JMeterThread: Thread started: Booking API Users - 50 Concurrent 1-25
2026-07-10 17:25:31,056 INFO o.a.j.t.JMeterThread: Thread started: Booking API Users - 50 Concurrent 1-26
2026-07-10 17:25:31,256 INFO o.a.j.t.JMeterThread: Thread started: Booking API Users - 50 Concurrent 1-27
2026-07-10 17:25:31,455 INFO o.a.j.t.JMeterThread: Thread started: Booking API Users - 50 Concurrent 1-28
2026-07-10 17:25:31,655 INFO o.a.j.t.JMeterThread: Thread started: Booking API Users - 50 Concurrent 1-29
2026-07-10 17:25:31,856 INFO o.a.j.t.JMeterThread: Thread started: Booking API Users - 50 Concurrent 1-30
2026-07-10 17:25:32,055 INFO o.a.j.t.JMeterThread: Thread started: Booking API Users - 50 Concurrent 1-31
2026-07-10 17:25:32,255 INFO o.a.j.t.JMeterThread: Thread started: Booking API Users - 50 Concurrent 1-32
2026-07-10 17:25:32,456 INFO o.a.j.t.JMeterThread: Thread started: Booking API Users - 50 Concurrent 1-33
2026-07-10 17:25:32,656 INFO o.a.j.t.JMeterThread: Thread started: Booking API Users - 50 Concurrent 1-34
2026-07-10 17:25:32,856 INFO o.a.j.t.JMeterThread: Thread started: Booking API Users - 50 Concurrent 1-35
2026-07-10 17:25:33,059 INFO o.a.j.t.JMeterThread: Thread started: Booking API Users - 50 Concurrent 1-36
2026-07-10 17:25:33,256 INFO o.a.j.t.JMeterThread: Thread started: Booking API Users - 50 Concurrent 1-37
2026-07-10 17:25:33,456 INFO o.a.j.t.JMeterThread: Thread started: Booking API Users - 50 Concurrent 1-38
2026-07-10 17:25:33,656 INFO o.a.j.t.JMeterThread: Thread started: Booking API Users - 50 Concurrent 1-39
2026-07-10 17:25:33,856 INFO o.a.j.t.JMeterThread: Thread started: Booking API Users - 50 Concurrent 1-40
2026-07-10 17:25:34,056 INFO o.a.j.t.JMeterThread: Thread started: Booking API Users - 50 Concurrent 1-41
2026-07-10 17:25:34,255 INFO o.a.j.t.JMeterThread: Thread started: Booking API Users - 50 Concurrent 1-42
2026-07-10 17:25:34,455 INFO o.a.j.t.JMeterThread: Thread started: Booking API Users - 50 Concurrent 1-43
2026-07-10 17:25:34,656 INFO o.a.j.t.JMeterThread: Thread started: Booking API Users - 50 Concurrent 1-44
2026-07-10 17:25:34,855 INFO o.a.j.t.JMeterThread: Thread started: Booking API Users - 50 Concurrent 1-45
2026-07-10 17:25:35,054 INFO o.a.j.t.JMeterThread: Thread started: Booking API Users - 50 Concurrent 1-46
2026-07-10 17:25:35,255 INFO o.a.j.t.JMeterThread: Thread started: Booking API Users - 50 Concurrent 1-47
2026-07-10 17:25:35,455 INFO o.a.j.t.JMeterThread: Thread started: Booking API Users - 50 Concurrent 1-48
2026-07-10 17:25:35,655 INFO o.a.j.t.JMeterThread: Thread started: Booking API Users - 50 Concurrent 1-49
2026-07-10 17:25:35,855 INFO o.a.j.t.JMeterThread: Thread started: Booking API Users - 50 Concurrent 1-50
2026-07-10 17:25:47,113 INFO o.a.j.t.JMeterThread: Thread is done: Booking API Users - 50 Concurrent 1-5
2026-07-10 17:25:47,113 INFO o.a.j.t.JMeterThread: Thread finished: Booking API Users - 50 Concurrent 1-5
2026-07-10 17:25:47,189 INFO o.a.j.t.JMeterThread: Thread is done: Booking API Users - 50 Concurrent 1-2
2026-07-10 17:25:47,190 INFO o.a.j.t.JMeterThread: Thread finished: Booking API Users - 50 Concurrent 1-2
2026-07-10 17:25:47,201 INFO o.a.j.t.JMeterThread: Thread is done: Booking API Users - 50 Concurrent 1-4
2026-07-10 17:25:47,202 INFO o.a.j.t.JMeterThread: Thread finished: Booking API Users - 50 Concurrent 1-4
2026-07-10 17:25:47,536 INFO o.a.j.t.JMeterThread: Thread is done: Booking API Users - 50 Concurrent 1-3
2026-07-10 17:25:47,537 INFO o.a.j.t.JMeterThread: Thread finished: Booking API Users - 50 Concurrent 1-3
2026-07-10 17:25:47,630 INFO o.a.j.t.JMeterThread: Thread is done: Booking API Users - 50 Concurrent 1-8
2026-07-10 17:25:47,630 INFO o.a.j.t.JMeterThread: Thread finished: Booking API Users - 50 Concurrent 1-8
2026-07-10 17:25:47,932 INFO o.a.j.t.JMeterThread: Thread is done: Booking API Users - 50 Concurrent 1-9
2026-07-10 17:25:47,933 INFO o.a.j.t.JMeterThread: Thread finished: Booking API Users - 50 Concurrent 1-9
2026-07-10 17:25:48,127 INFO o.a.j.t.JMeterThread: Thread is done: Booking API Users - 50 Concurrent 1-10
2026-07-10 17:25:48,127 INFO o.a.j.t.JMeterThread: Thread finished: Booking API Users - 50 Concurrent 1-10
2026-07-10 17:25:48,442 INFO o.a.j.t.JMeterThread: Thread is done: Booking API Users - 50 Concurrent 1-7
2026-07-10 17:25:48,442 INFO o.a.j.t.JMeterThread: Thread finished: Booking API Users - 50 Concurrent 1-7
2026-07-10 17:25:49,051 INFO o.a.j.t.JMeterThread: Thread is done: Booking API Users - 50 Concurrent 1-14
2026-07-10 17:25:49,051 INFO o.a.j.t.JMeterThread: Thread finished: Booking API Users - 50 Concurrent 1-14
2026-07-10 17:25:49,178 INFO o.a.j.t.JMeterThread: Thread is done: Booking API Users - 50 Concurrent 1-13
2026-07-10 17:25:49,179 INFO o.a.j.t.JMeterThread: Thread finished: Booking API Users - 50 Concurrent 1-13
2026-07-10 17:25:49,438 INFO o.a.j.t.JMeterThread: Thread is done: Booking API Users - 50 Concurrent 1-15
2026-07-10 17:25:49,438 INFO o.a.j.t.JMeterThread: Thread finished: Booking API Users - 50 Concurrent 1-15
2026-07-10 17:25:49,807 INFO o.a.j.t.JMeterThread: Thread is done: Booking API Users - 50 Concurrent 1-16
2026-07-10 17:25:49,807 INFO o.a.j.t.JMeterThread: Thread finished: Booking API Users - 50 Concurrent 1-16
2026-07-10 17:25:49,845 INFO o.a.j.t.JMeterThread: Thread is done: Booking API Users - 50 Concurrent 1-18
2026-07-10 17:25:49,845 INFO o.a.j.t.JMeterThread: Thread finished: Booking API Users - 50 Concurrent 1-18
2026-07-10 17:25:50,071 INFO o.a.j.t.JMeterThread: Thread is done: Booking API Users - 50 Concurrent 1-20
2026-07-10 17:25:50,071 INFO o.a.j.t.JMeterThread: Thread finished: Booking API Users - 50 Concurrent 1-20
2026-07-10 17:25:50,220 INFO o.a.j.t.JMeterThread: Thread is done: Booking API Users - 50 Concurrent 1-21
2026-07-10 17:25:50,220 INFO o.a.j.t.JMeterThread: Thread finished: Booking API Users - 50 Concurrent 1-21
2026-07-10 17:25:51,396 INFO o.a.j.t.JMeterThread: Thread is done: Booking API Users - 50 Concurrent 1-27
2026-07-10 17:25:51,396 INFO o.a.j.t.JMeterThread: Thread finished: Booking API Users - 50 Concurrent 1-27
2026-07-10 17:25:51,829 INFO o.a.j.t.JMeterThread: Thread is done: Booking API Users - 50 Concurrent 1-11
2026-07-10 17:25:51,829 INFO o.a.j.t.JMeterThread: Thread finished: Booking API Users - 50 Concurrent 1-11
2026-07-10 17:25:51,832 INFO o.a.j.t.JMeterThread: Thread is done: Booking API Users - 50 Concurrent 1-1
2026-07-10 17:25:51,832 INFO o.a.j.t.JMeterThread: Thread finished: Booking API Users - 50 Concurrent 1-1
2026-07-10 17:25:52,313 INFO o.a.j.t.JMeterThread: Thread is done: Booking API Users - 50 Concurrent 1-17
2026-07-10 17:25:52,313 INFO o.a.j.t.JMeterThread: Thread finished: Booking API Users - 50 Concurrent 1-17
2026-07-10 17:25:52,316 INFO o.a.j.t.JMeterThread: Thread is done: Booking API Users - 50 Concurrent 1-31
2026-07-10 17:25:52,316 INFO o.a.j.t.JMeterThread: Thread finished: Booking API Users - 50 Concurrent 1-31
2026-07-10 17:25:52,334 INFO o.a.j.t.JMeterThread: Thread is done: Booking API Users - 50 Concurrent 1-19
2026-07-10 17:25:52,335 INFO o.a.j.t.JMeterThread: Thread finished: Booking API Users - 50 Concurrent 1-19
2026-07-10 17:25:52,341 INFO o.a.j.t.JMeterThread: Thread is done: Booking API Users - 50 Concurrent 1-28
2026-07-10 17:25:52,341 INFO o.a.j.t.JMeterThread: Thread finished: Booking API Users - 50 Concurrent 1-28
2026-07-10 17:25:52,624 INFO o.a.j.t.JMeterThread: Thread is done: Booking API Users - 50 Concurrent 1-34
2026-07-10 17:25:52,624 INFO o.a.j.t.JMeterThread: Thread finished: Booking API Users - 50 Concurrent 1-34
2026-07-10 17:25:52,636 INFO o.a.j.t.JMeterThread: Thread is done: Booking API Users - 50 Concurrent 1-33
2026-07-10 17:25:52,637 INFO o.a.j.t.JMeterThread: Thread finished: Booking API Users - 50 Concurrent 1-33
2026-07-10 17:25:52,927 INFO o.a.j.t.JMeterThread: Thread is done: Booking API Users - 50 Concurrent 1-35
2026-07-10 17:25:52,928 INFO o.a.j.t.JMeterThread: Thread finished: Booking API Users - 50 Concurrent 1-35
2026-07-10 17:25:53,068 INFO o.a.j.t.JMeterThread: Thread is done: Booking API Users - 50 Concurrent 1-25
2026-07-10 17:25:53,068 INFO o.a.j.t.JMeterThread: Thread finished: Booking API Users - 50 Concurrent 1-25
2026-07-10 17:25:53,456 INFO o.a.j.t.JMeterThread: Thread is done: Booking API Users - 50 Concurrent 1-36
2026-07-10 17:25:53,456 INFO o.a.j.t.JMeterThread: Thread finished: Booking API Users - 50 Concurrent 1-36
2026-07-10 17:25:53,791 INFO o.a.j.t.JMeterThread: Thread is done: Booking API Users - 50 Concurrent 1-30
2026-07-10 17:25:53,791 INFO o.a.j.t.JMeterThread: Thread finished: Booking API Users - 50 Concurrent 1-30
2026-07-10 17:25:53,938 INFO o.a.j.t.JMeterThread: Thread is done: Booking API Users - 50 Concurrent 1-39
2026-07-10 17:25:53,939 INFO o.a.j.t.JMeterThread: Thread finished: Booking API Users - 50 Concurrent 1-39
2026-07-10 17:25:54,176 INFO o.a.j.t.JMeterThread: Thread is done: Booking API Users - 50 Concurrent 1-40
2026-07-10 17:25:54,176 INFO o.a.j.t.JMeterThread: Thread finished: Booking API Users - 50 Concurrent 1-40
2026-07-10 17:25:54,606 INFO o.a.j.t.JMeterThread: Thread is done: Booking API Users - 50 Concurrent 1-26
2026-07-10 17:25:54,606 INFO o.a.j.t.JMeterThread: Thread finished: Booking API Users - 50 Concurrent 1-26
2026-07-10 17:25:55,174 INFO o.a.j.t.JMeterThread: Thread is done: Booking API Users - 50 Concurrent 1-46
2026-07-10 17:25:55,174 INFO o.a.j.t.JMeterThread: Thread finished: Booking API Users - 50 Concurrent 1-46
2026-07-10 17:25:55,238 INFO o.a.j.t.JMeterThread: Thread is done: Booking API Users - 50 Concurrent 1-29
2026-07-10 17:25:55,238 INFO o.a.j.t.JMeterThread: Thread finished: Booking API Users - 50 Concurrent 1-29
2026-07-10 17:25:55,517 INFO o.a.j.t.JMeterThread: Thread is done: Booking API Users - 50 Concurrent 1-23
2026-07-10 17:25:55,517 INFO o.a.j.t.JMeterThread: Thread finished: Booking API Users - 50 Concurrent 1-23
2026-07-10 17:25:55,617 INFO o.a.j.t.JMeterThread: Thread is done: Booking API Users - 50 Concurrent 1-32
2026-07-10 17:25:55,618 INFO o.a.j.t.JMeterThread: Thread finished: Booking API Users - 50 Concurrent 1-32
2026-07-10 17:25:56,076 INFO o.a.j.t.JMeterThread: Thread is done: Booking API Users - 50 Concurrent 1-47
2026-07-10 17:25:56,076 INFO o.a.j.t.JMeterThread: Thread finished: Booking API Users - 50 Concurrent 1-47
2026-07-10 17:25:56,298 INFO o.a.j.t.JMeterThread: Thread is done: Booking API Users - 50 Concurrent 1-6
2026-07-10 17:25:56,299 INFO o.a.j.t.JMeterThread: Thread finished: Booking API Users - 50 Concurrent 1-6
2026-07-10 17:25:56,757 INFO o.a.j.t.JMeterThread: Thread is done: Booking API Users - 50 Concurrent 1-50
2026-07-10 17:25:56,757 INFO o.a.j.t.JMeterThread: Thread finished: Booking API Users - 50 Concurrent 1-50
2026-07-10 17:25:57,529 INFO o.a.j.t.JMeterThread: Thread is done: Booking API Users - 50 Concurrent 1-41
2026-07-10 17:25:57,530 INFO o.a.j.t.JMeterThread: Thread finished: Booking API Users - 50 Concurrent 1-41
2026-07-10 17:25:58,248 INFO o.a.j.t.JMeterThread: Thread is done: Booking API Users - 50 Concurrent 1-22
2026-07-10 17:25:58,248 INFO o.a.j.t.JMeterThread: Thread is done: Booking API Users - 50 Concurrent 1-44
2026-07-10 17:25:58,248 INFO o.a.j.t.JMeterThread: Thread finished: Booking API Users - 50 Concurrent 1-22
2026-07-10 17:25:58,248 INFO o.a.j.t.JMeterThread: Thread is done: Booking API Users - 50 Concurrent 1-42
2026-07-10 17:25:58,249 INFO o.a.j.t.JMeterThread: Thread finished: Booking API Users - 50 Concurrent 1-44
2026-07-10 17:25:58,249 INFO o.a.j.t.JMeterThread: Thread finished: Booking API Users - 50 Concurrent 1-42
2026-07-10 17:25:59,874 INFO o.a.j.t.JMeterThread: Thread is done: Booking API Users - 50 Concurrent 1-24
2026-07-10 17:25:59,874 INFO o.a.j.t.JMeterThread: Thread finished: Booking API Users - 50 Concurrent 1-24
2026-07-10 17:26:00,233 INFO o.a.j.r.Summariser: summary +    971 in 00:00:30 =   32.4/s Avg:   620 Min:   278 Max:  2806 Err:    20 (2.06%) Active: 7 Started: 50 Finished: 43
2026-07-10 17:26:00,234 INFO o.a.j.r.Summariser: summary =    988 in 00:00:34 =   28.9/s Avg:   632 Min:   278 Max:  2806 Err:    20 (2.02%)
2026-07-10 17:26:00,235 INFO o.a.j.t.JMeterThread: Thread is done: Booking API Users - 50 Concurrent 1-12
2026-07-10 17:26:00,235 INFO o.a.j.t.JMeterThread: Thread finished: Booking API Users - 50 Concurrent 1-12
2026-07-10 17:26:01,317 INFO o.a.j.t.JMeterThread: Thread is done: Booking API Users - 50 Concurrent 1-45
2026-07-10 17:26:01,318 INFO o.a.j.t.JMeterThread: Thread finished: Booking API Users - 50 Concurrent 1-45
2026-07-10 17:26:01,336 INFO o.a.j.t.JMeterThread: Thread is done: Booking API Users - 50 Concurrent 1-37
2026-07-10 17:26:01,336 INFO o.a.j.t.JMeterThread: Thread finished: Booking API Users - 50 Concurrent 1-37
2026-07-10 17:26:02,790 INFO o.a.j.t.JMeterThread: Thread is done: Booking API Users - 50 Concurrent 1-48
2026-07-10 17:26:02,790 INFO o.a.j.t.JMeterThread: Thread finished: Booking API Users - 50 Concurrent 1-48
2026-07-10 17:26:03,183 INFO o.a.j.t.JMeterThread: Thread is done: Booking API Users - 50 Concurrent 1-38
2026-07-10 17:26:03,183 INFO o.a.j.t.JMeterThread: Thread finished: Booking API Users - 50 Concurrent 1-38
2026-07-10 17:26:04,256 INFO o.a.j.t.JMeterThread: Thread is done: Booking API Users - 50 Concurrent 1-43
2026-07-10 17:26:04,256 INFO o.a.j.t.JMeterThread: Thread finished: Booking API Users - 50 Concurrent 1-43
2026-07-10 17:26:04,312 INFO o.a.j.t.JMeterThread: Thread is done: Booking API Users - 50 Concurrent 1-49
2026-07-10 17:26:04,312 INFO o.a.j.t.JMeterThread: Thread finished: Booking API Users - 50 Concurrent 1-49
2026-07-10 17:26:04,312 INFO o.a.j.e.StandardJMeterEngine: Notifying test listeners of end of test
2026-07-10 17:26:04,313 INFO o.a.j.r.Summariser: summary +     12 in 00:00:04 =    2.9/s Avg:  1291 Min:   283 Max:  2366 Err:     2 (16.67%) Active: 0 Started: 50 Finished: 50
2026-07-10 17:26:04,314 INFO o.a.j.r.Summariser: summary =   1000 in 00:00:38 =   26.1/s Avg:   639 Min:   278 Max:  2806 Err:    22 (2.20%)
2026-07-10 17:26:04,314 INFO o.a.j.JMeter: Generating Dashboard
2026-07-10 17:26:04,314 INFO o.a.j.r.d.ReportGenerator: Flushing result collector before report Generation
2026-07-10 17:26:04,341 INFO o.a.j.r.p.NormalizerSampleConsumer: Using format, 'ms', to parse timeStamp field
2026-07-10 17:26:04,509 INFO o.a.j.r.p.AbstractSampleConsumer: class org.apache.jmeter.report.processor.AggregateConsumer#stopProducing(): beginDate produced 0 samples
2026-07-10 17:26:04,509 INFO o.a.j.r.p.AbstractSampleConsumer: class org.apache.jmeter.report.processor.AggregateConsumer#stopProducing(): endDate produced 0 samples
2026-07-10 17:26:04,513 INFO o.a.j.r.p.AbstractSampleConsumer: class org.apache.jmeter.report.processor.ApdexSummaryConsumer#stopProducing(): apdexSummary produced 0 samples
2026-07-10 17:26:04,514 INFO o.a.j.r.p.AbstractSampleConsumer: class org.apache.jmeter.report.processor.RequestsSummaryConsumer#stopProducing(): requestsSummary produced 0 samples
2026-07-10 17:26:04,521 INFO o.a.j.r.p.AbstractSampleConsumer: class org.apache.jmeter.report.processor.StatisticsSummaryConsumer#stopProducing(): statisticsSummary produced 0 samples
2026-07-10 17:26:04,524 INFO o.a.j.r.p.AbstractSampleConsumer: class org.apache.jmeter.report.processor.Top5ErrorsBySamplerConsumer#stopProducing(): top5ErrorsBySampler produced 0 samples
2026-07-10 17:26:04,524 INFO o.a.j.r.p.AbstractSampleConsumer: class org.apache.jmeter.report.processor.ErrorsSummaryConsumer#stopProducing(): errorsSummary produced 0 samples
2026-07-10 17:26:04,524 INFO o.a.j.r.p.AbstractSampleConsumer: class org.apache.jmeter.report.processor.graph.impl.HitsPerSecondGraphConsumer#stopProducing(): hitsPerSecond produced 0 samples
2026-07-10 17:26:04,596 INFO o.a.j.r.p.AbstractSampleConsumer: class org.apache.jmeter.report.processor.graph.impl.LatencyVSRequestGraphConsumer#stopProducing(): latencyVsRequest produced 0 samples
2026-07-10 17:26:04,597 INFO o.a.j.r.p.AbstractSampleConsumer: class org.apache.jmeter.report.processor.graph.impl.SyntheticResponseTimeDistributionGraphConsumer#stopProducing(): syntheticResponseTimeDistribution produced 0 samples
2026-07-10 17:26:04,597 INFO o.a.j.r.p.AbstractSampleConsumer: class org.apache.jmeter.report.processor.graph.impl.BytesThroughputGraphConsumer#stopProducing(): bytesThroughputOverTime produced 0 samples
2026-07-10 17:26:04,598 INFO o.a.j.r.p.AbstractSampleConsumer: class org.apache.jmeter.report.processor.graph.impl.CodesPerSecondGraphConsumer#stopProducing(): codesPerSecond produced 0 samples
2026-07-10 17:26:04,635 INFO o.a.j.r.p.AbstractSampleConsumer: class org.apache.jmeter.report.processor.graph.impl.ResponseTimeVSRequestGraphConsumer#stopProducing(): responseTimeVsRequest produced 0 samples
2026-07-10 17:26:04,636 INFO o.a.j.r.p.AbstractSampleConsumer: class org.apache.jmeter.report.processor.FilterConsumer#stopProducing(): startIntervalControlerFilter produced 7000 samples
2026-07-10 17:26:04,636 INFO o.a.j.r.p.AbstractSampleConsumer: class org.apache.jmeter.report.processor.graph.impl.TotalTPSGraphConsumer#stopProducing(): totalTPS produced 0 samples
2026-07-10 17:26:04,636 INFO o.a.j.r.p.AbstractSampleConsumer: class org.apache.jmeter.report.processor.graph.impl.ActiveThreadsGraphConsumer#stopProducing(): activeThreadsOverTime produced 0 samples
2026-07-10 17:26:04,636 INFO o.a.j.r.p.AbstractSampleConsumer: class org.apache.jmeter.report.processor.graph.impl.TimeVSThreadGraphConsumer#stopProducing(): timeVsThreads produced 0 samples
2026-07-10 17:26:04,636 INFO o.a.j.r.p.AbstractSampleConsumer: class org.apache.jmeter.report.processor.graph.impl.ResponseTimeDistributionGraphConsumer#stopProducing(): responseTimeDistribution produced 0 samples
2026-07-10 17:26:04,637 INFO o.a.j.r.p.AbstractSampleConsumer: class org.apache.jmeter.report.processor.graph.impl.TransactionsPerSecondGraphConsumer#stopProducing(): transactionsPerSecond produced 0 samples
2026-07-10 17:26:04,637 INFO o.a.j.r.p.AbstractSampleConsumer: class org.apache.jmeter.report.processor.graph.impl.ResponseTimePercentilesGraphConsumer#stopProducing(): responseTimePercentiles produced 0 samples
2026-07-10 17:26:04,638 INFO o.a.j.r.p.AbstractSampleConsumer: class org.apache.jmeter.report.processor.graph.impl.ResponseTimePercentilesOverTimeGraphConsumer#stopProducing(): responseTimePercentilesOverTime produced 0 samples
2026-07-10 17:26:04,639 INFO o.a.j.r.p.AbstractSampleConsumer: class org.apache.jmeter.report.processor.graph.impl.ResponseTimeOverTimeGraphConsumer#stopProducing(): responseTimesOverTime produced 0 samples
2026-07-10 17:26:04,639 INFO o.a.j.r.p.AbstractSampleConsumer: class org.apache.jmeter.report.processor.graph.impl.ConnectTimeOverTimeGraphConsumer#stopProducing(): connectTimeOverTime produced 0 samples
2026-07-10 17:26:04,639 INFO o.a.j.r.p.AbstractSampleConsumer: class org.apache.jmeter.report.processor.graph.impl.LatencyOverTimeGraphConsumer#stopProducing(): latenciesOverTime produced 0 samples
2026-07-10 17:26:04,639 INFO o.a.j.r.p.AbstractSampleConsumer: class org.apache.jmeter.report.processor.FilterConsumer#stopProducing(): nameFilter produced 15000 samples
2026-07-10 17:26:04,639 INFO o.a.j.r.p.AbstractSampleConsumer: class org.apache.jmeter.report.processor.FilterConsumer#stopProducing(): dateRangeFilter produced 3000 samples
2026-07-10 17:26:04,639 INFO o.a.j.r.p.AbstractSampleConsumer: class org.apache.jmeter.report.processor.NormalizerSampleConsumer#stopProducing(): normalizer produced 1000 samples
2026-07-10 17:26:04,640 INFO o.a.j.r.p.CsvFileSampleSource: produce(): 1000 samples produced in 263ms on channel 0
2026-07-10 17:26:04,640 INFO o.a.j.r.d.ReportGenerator: Exporting data using exporter:'json' of className:'org.apache.jmeter.report.dashboard.JsonExporter'
2026-07-10 17:26:04,738 INFO o.a.j.r.d.JsonExporter: Found data for consumer statisticsSummary in context
2026-07-10 17:26:04,739 INFO o.a.j.r.d.JsonExporter: Creating statistics for overall
2026-07-10 17:26:04,739 INFO o.a.j.r.d.JsonExporter: Creating statistics for other transactions
2026-07-10 17:26:04,739 INFO o.a.j.r.d.JsonExporter: Checking output folder
2026-07-10 17:26:04,740 INFO o.a.j.r.d.JsonExporter: Writing statistics JSON to D:\road to ai engineer\API-testing\api-test-portfolio\jmeter\reports\html\statistics.json
2026-07-10 17:26:04,787 INFO o.a.j.r.d.ReportGenerator: Exporting data using exporter:'html' of className:'org.apache.jmeter.report.dashboard.HtmlTemplateExporter'
2026-07-10 17:26:04,790 INFO o.a.j.r.d.HtmlTemplateExporter: Will generate dashboard in folder: D:\road to ai engineer\API-testing\api-test-portfolio\jmeter\reports\html
2026-07-10 17:26:04,927 INFO o.a.j.r.d.HtmlTemplateExporter: Report will be generated in: D:\road to ai engineer\API-testing\api-test-portfolio\jmeter\reports\html, creating folder structure
2026-07-10 17:26:04,931 INFO o.a.j.r.d.TemplateVisitor: Copying folder from 'D:\road to ai engineer\API-testing\apache-jmeter-5.6.3\bin\report-template' to 'D:\road to ai engineer\API-testing\api-test-portfolio\jmeter\reports\html', got message: D:\road to ai engineer\API-testing\api-test-portfolio\jmeter\reports\html, found non empty folder with following content [D:\road to ai engineer\API-testing\api-test-portfolio\jmeter\reports\html\statistics.json], will be ignored
2026-07-10 17:26:05,322 INFO o.a.j.JMeter: Dashboard generated
